// Jest Snapshot v1, https://goo.gl/fbAQLP

exports[`<Button /> component should match snapshot 1`] = `
<div>
  <button
    type="button"
  >
    Confirm
  </button>
</div>
`;

exports[`<Button /> component should render 1`] = `
<div>
  <button
    type="button"
  >
    Confirm
  </button>
</div>
`;
