// Jest Snapshot v1, https://goo.gl/fbAQLP

exports[`<Button /> component should match snapshot 1`] = `
<div>
  <div
    class="cart__product"
  >
    <img
      alt="Dress"
      height="250"
      width="200"
    />
    <div
      class="cart__product__info"
    >
      <h3
        class="cart__product__title"
      >
        Dress
      </h3>
      <p>
        699
         грн
      </p>
      <p>
        Колір: 
        white
      </p>
    </div>
    <div
      class="cart__product__counter"
    >
      <button
        type="button"
      >
        -
      </button>
      <span>
        3
      </span>
      <button
        type="button"
      >
        +
      </button>
    </div>
    <div
      class="cart__product__sum"
    >
       
      2097
       грн
    </div>
    <button
      class="cart__product__delete"
      type="button"
    >
      ×
    </button>
  </div>
</div>
`;

exports[`<Button /> component should render 1`] = `
<div>
  <div
    class="cart__product"
  >
    <img
      alt="Dress"
      height="250"
      width="200"
    />
    <div
      class="cart__product__info"
    >
      <h3
        class="cart__product__title"
      >
        Dress
      </h3>
      <p>
        699
         грн
      </p>
      <p>
        Колір: 
        white
      </p>
    </div>
    <div
      class="cart__product__counter"
    >
      <button
        type="button"
      >
        -
      </button>
      <span>
        3
      </span>
      <button
        type="button"
      >
        +
      </button>
    </div>
    <div
      class="cart__product__sum"
    >
       
      2097
       грн
    </div>
    <button
      class="cart__product__delete"
      type="button"
    >
      ×
    </button>
  </div>
</div>
`;
